 Error https://www.youtube.com/watch?v=aHsrHdi35tE
Error https://www.youtube.com/watch?v=kaYsczkWti0
Error https://www.youtube.com/watch?v=6sWpLXaMooE
Error https://www.youtube.com/watch?v=DmILq5-XCa8
Error https://www.youtube.com/watch?v=Tcc46VYl1Bs
Error https://www.youtube.com/watch?v=5PMEdg4R_Ek
Error https://www.youtube.com/watch?v=7D4gRq4_aAQ
Error https://www.youtube.com/watch?v=9byLoIsqeto
Error https://www.youtube.com/watch?v=stEXPIh9Qi0
Error https://www.youtube.com/watch?v=3yqGSwE7uNk
Error https://www.youtube.com/watch?v=xdDWenQvcys
Error https://www.youtube.com/watch?v=31jzvSgBazw
Error https://www.youtube.com/watch?v=QC6Zw_w_1TE
Error https://www.youtube.com/watch?v=KEXQkrllGbA
Error https://www.youtube.com/watch?v=RBM3RlgjhQQ
Error https://www.youtube.com/watch?v=i2V_ZT-nyOs
